 ColumnNames   S[T]ack        [1] [2] [3] [4] [5] [6] [7] [D] [H] [C] [S]
-------------------------------------------------------------------------
                                                                         
                                                                         
                                                                         
                                                                         
                                                                         
                                                                         
                                                                         
