 ColumnNames   S[T]ack        [1] [2] [3] [4] [5] [6] [7] [D] [H] [C] [S]
-------------------------------------------------------------------------
                   sQ         HA  **  **  **  **  **  **                 
                                  sK  **  **  **  **  **                 
                                  DQ  D8  **  **  **  **                 
                                  D2      c3  **  **  **                 
                                              D6  **  **                 
                                                  cJ  cA                 
