 ColumnNames   S[T]ack        [1] [2] [3] [4] [5] [6] [7] [D] [H] [C] [S]
-------------------------------------------------------------------------
                   D2             **  **  **  **  **  **      HA         
                                  sK  **  **  **  **  **      HJ         
                                      D8  **  **  **  **                 
                                          c3  **  H8  **                 
                                              D6      **                 
                                                      **                 
                                                      DQ                 
                                                      cJ                 
