 ColumnNames   S[T]ack        [1] [2] [3] [4] [5] [6] [7] [D] [H] [C] [S]
-------------------------------------------------------------------------
                   sQ         HA  **  **  **  **  **  **                 
                                  sK  **  **  **  **  **                 
                                      D8  **  **  **  **                 
                                          c3  **  **  **                 
                                          D2  D6  **  **                 
                                                  cJ  **                 
                                                      DQ                 
