 ColumnNames   S[T]ack        [1] [2] [3] [4] [5] [6] [7] [D] [H] [C] [S]
-------------------------------------------------------------------------
                   D2         HA  **  **  **  **  **  **                 
                                  sK  **  **  **  **  **                 
                                      D8  **  **  **  **                 
                                          c3  **  **  **                 
                                              D6  HJ  **                 
                                                      **                 
                                                      DQ                 
                                                      cJ                 
